// Jest Snapshot v1, https://goo.gl/fbAQLP

exports[`render should render AddTaskModal 1`] = `
<Modal
  appElement={null}
  ariaHideApp={true}
  bodyOpenClassName="ReactModal__Body--open"
  closeTimeoutMS={0}
  contentLabel="Add Task"
  isOpen={false}
  onRequestClose={[MockFunction]}
  parentSelector={[Function]}
  portalClassName="ReactModalPortal"
  role="dialog"
  shouldCloseOnEsc={true}
  shouldCloseOnOverlayClick={true}
  shouldFocusAfterRender={true}
  shouldReturnFocusAfterClose={true}
>
  <h2>
    Add Task
  </h2>
  <TaskForm
    onRequestClose={[MockFunction]}
    submitTask={[Function]}
  />
</Modal>
`;
