// Jest Snapshot v1, https://goo.gl/fbAQLP

exports[`render should render LoginPage 1`] = `
<div>
  <button
    onClick={[MockFunction]}
  >
    Login
  </button>
</div>
`;
