// Jest Snapshot v1, https://goo.gl/fbAQLP

exports[`render should render SelectUserModal 1`] = `
<Modal
  appElement={null}
  ariaHideApp={true}
  bodyOpenClassName="ReactModal__Body--open"
  closeTimeoutMS={200}
  contentLabel="Select User"
  isOpen={false}
  parentSelector={[Function]}
  portalClassName="ReactModalPortal"
  role="dialog"
  shouldCloseOnEsc={true}
  shouldCloseOnOverlayClick={true}
  shouldFocusAfterRender={true}
  shouldReturnFocusAfterClose={true}
>
  <h2>
    Select users
  </h2>
  <UserList
    users={
      Array [
        Object {
          "admin": true,
          "displayName": "Robert",
          "studentNum": "A0123456A",
          "uid": "testuid",
        },
        Object {
          "admin": false,
          "displayName": "Peter",
          "studentNum": "A0000000A",
          "uid": "testuid2",
        },
      ]
    }
  />
  <button>
    Done
  </button>
</Modal>
`;
