// Jest Snapshot v1, https://goo.gl/fbAQLP

exports[`render should render TaskDashboardPage 1`] = `
<div>
  <h1>
    Dashboard
  </h1>
  <Connect(TaskListFilters) />
  <Connect(TaskList) />
  <button
    onClick={[Function]}
  >
    Add Task
  </button>
  <Connect(AddTaskModal)
    isOpen={false}
    onRequestClose={[Function]}
  />
</div>
`;
